Database changed.

----------------
test_table.test_int | test_table.test_float | test_table.test_str 
----------------
1 | 3.330000 | newnewn 
----------------
Select 1 rows in 0.000072 seconds
Update 0 rows in 0.000040 seconds

----------------
test_table.test_int | test_table.test_float | test_table.test_str 
----------------
1 | 3.330000 | newnewn
----------------
Select 1 rows in 0.000013 seconds
